`apiVersion: internal.acorn.io/v1
kind: AppInstance
metadata:
  creationTimestamp: null
  name: app-name
  namespace: app-namespace
  uid: 1234567890abcdef
spec:
  image: test
status:
  appImage:
    buildContext: {}
    id: test
    imageData: {}
    vcs: {}
  appSpec:
    containers:
      oneimage:
        build:
          context: .
          dockerfile: Dockerfile
        image: image-name
        memory: 2097152
        metrics: {}
        ports:
        - port: 80
          protocol: http
          targetPort: 81
        probes: null
        sidecars:
          left:
            image: foo
            metrics: {}
            ports:
            - port: 90
              protocol: tcp
              targetPort: 91
            probes: null
  appStatus: {}
  columns: {}
  conditions:
    reason: Success
    status: "True"
    success: true
    type: resolved-offerings
  defaults: {}
  namespace: app-created-namespace
  observedGeneration: 1
  resolvedOfferings:
    containers:
      "":
        class: sample-compute-class
        memory: 0
      left:
        class: sample-compute-class
        cpuScaler: 0.25
        memory: 1048576
      oneimage:
        class: sample-compute-class
        cpuScaler: 0.25
        memory: 2097152
    region: local
  staged:
    appImage:
      buildContext: {}
      imageData: {}
      vcs: {}
  summary: {}
`
