`apiVersion: internal.acorn.io/v1
kind: AppInstance
metadata:
  creationTimestamp: null
  name: app-name
  namespace: app-namespace
  uid: 1234567890abcdef
spec:
  computeClass:
    oneimage: sample-compute-class
  image: test
status:
  appImage:
    buildContext: {}
    id: test
    imageData: {}
    vcs: {}
  appSpec:
    containers:
      oneimage:
        build:
          context: .
          dockerfile: Dockerfile
        image: image-name
        metrics: {}
        ports:
        - port: 80
          protocol: http
          targetPort: 81
        probes: null
      twoimage:
        build:
          context: .
          dockerfile: Dockerfile
        image: image-name
        metrics: {}
        ports:
        - port: 80
          protocol: http
          targetPort: 81
        probes: null
  appStatus: {}
  columns: {}
  conditions:
    reason: Success
    status: "True"
    success: true
    type: scheduling
  defaults:
    memory:
      "": 0
      oneimage: 1048576
      twoimage: 0
  namespace: app-created-namespace
  observedGeneration: 1
  resolvedOfferings: {}
  scheduling:
    oneimage:
      affinity:
        nodeAffinity:
          requiredDuringSchedulingIgnoredDuringExecution:
            nodeSelectorTerms:
            - matchExpressions:
              - key: foo
                operator: In
                values:
                - bar
      requirements:
        limits:
          memory: 1Mi
        requests:
          cpu: 1m
          memory: 1Mi
      tolerations:
      - key: taints.acorn.io/workload
        operator: Exists
    twoimage:
      requirements: {}
      tolerations:
      - key: taints.acorn.io/workload
        operator: Exists
  staged:
    appImage:
      buildContext: {}
      imageData: {}
      vcs: {}
  summary: {}
`
