`
ACORNS:
---
items:
- metadata:
    creationTimestamp: null
    name: found
  spec:
    secrets:
    - secret: found.secret
      target: found
  status:
    appImage:
      buildContext: {}
      imageData: {}
      vcs: {}
    appSpec: {}
    appStatus: {}
    columns: {}
    defaults: {}
    resolvedOfferings: {}
    staged:
      appImage:
        buildContext: {}
        imageData: {}
        vcs: {}
    summary: {}


CONTAINERS:
---
items:
- metadata:
    creationTimestamp: null
    name: found.container
  spec:
    appName: found
    metrics: {}
    probes: null
  status:
    columns: {}
    containerSpec:
      name: ""
      resources: {}
    containerStatus:
      image: ""
      imageID: ""
      lastState: {}
      name: ""
      ready: false
      restartCount: 0
      state: {}
    image: ""
    imageID: ""
    lastState: {}
    ready: false
    restartCount: 0
    state: {}


VOLUMES:
---
items:
- metadata:
    creationTimestamp: null
    name: found.vol
  spec: {}
  status:
    appName: found
    appPublicName: found
    columns: {}
    volumeName: vol


SECRETS:
---
items:
- metadata:
    creationTimestamp: null
    name: found.secret

`
