`apiVersion: networking.k8s.io/v1
kind: NetworkPolicy
metadata:
  creationTimestamp: null
  labels:
    acorn.io/managed: "true"
  name: acorn-my-app-one-publish-one
  namespace: my-app-namespace
spec:
  ingress:
  - from:
    - ipBlock:
        cidr: 0.0.0.0/0
    ports:
    - port: 8080
      protocol: TCP
    - port: 9090
      protocol: UDP
    - port: 9090
      protocol: TCP
  podSelector:
    matchLabels:
      acorn.io/app-name: my-app
      acorn.io/app-namespace: acorn
      acorn.io/managed: "true"
      port-number.acorn.io/8080: "true"
      port-number.acorn.io/9090: "true"
      service-name.acorn.io/one: "true"
  policyTypes:
  - Ingress
status: {}
`
