`apiVersion: internal.acorn.io/v1
kind: AppInstance
metadata:
  creationTimestamp: null
  name: app-name
  namespace: app-namespace
  uid: 1234567890abcdef
spec:
  computeClass:
    "": sample-compute-class
  image: test
status:
  appImage:
    buildContext: {}
    id: test
    imageData: {}
    vcs: {}
  appSpec:
    containers:
      oneimage:
        build:
          context: .
          dockerfile: Dockerfile
        image: image-name
        metrics: {}
        ports:
        - port: 80
          protocol: http
          targetPort: 81
        probes: null
        sidecars:
          left:
            image: foo
            metrics: {}
            ports:
            - port: 90
              protocol: tcp
              targetPort: 91
            probes: null
  appStatus: {}
  columns: {}
  conditions:
    reason: Success
    status: "True"
    success: true
    type: scheduling
  namespace: app-created-namespace
  observedGeneration: 1
  resolvedOfferings:
    containers:
      "":
        memory: 0
      left:
        memory: 1048576
      oneimage:
        memory: 1048576
  scheduling:
    left:
      requirements:
        limits:
          memory: 1Mi
        requests:
          cpu: 1m
          memory: 1Mi
    oneimage:
      affinity:
        nodeAffinity:
          requiredDuringSchedulingIgnoredDuringExecution:
            nodeSelectorTerms:
            - matchExpressions:
              - key: foo
                operator: In
                values:
                - bar
      requirements:
        limits:
          memory: 1Mi
        requests:
          cpu: 1m
          memory: 1Mi
      tolerations:
      - key: taints.acorn.io/workload
        operator: Exists
  staged:
    appImage:
      buildContext: {}
      imageData: {}
      vcs: {}
  summary: {}
`
