`apiVersion: v1
data:
  .dockerconfigjson: eyJhdXRocyI6eyJpbmRleC5kb2NrZXIuaW8iOnsiYXV0aCI6Ik9nPT0ifX19
kind: Secret
metadata:
  creationTimestamp: null
  labels:
    acorn.io/managed: "true"
    acorn.io/pull-secret: "true"
  name: oneimage-pull-1234567890ab
  namespace: app-created-namespace
type: kubernetes.io/dockerconfigjson

---
apiVersion: v1
data:
  .dockerconfigjson: eyJhdXRocyI6eyJpbmRleC5kb2NrZXIuaW8iOnsiYXV0aCI6Ik9nPT0ifX19
kind: Secret
metadata:
  creationTimestamp: null
  labels:
    acorn.io/managed: "true"
    acorn.io/pull-secret: "true"
  name: twoimage-pull-1234567890ab
  namespace: app-created-namespace
type: kubernetes.io/dockerconfigjson

---
apiVersion: v1
kind: ServiceAccount
metadata:
  annotations:
    acorn.io/config-hash: ""
  creationTimestamp: null
  labels:
    acorn.io/app-name: app-name
    acorn.io/app-namespace: app-namespace
    acorn.io/app-public-name: app-name
    acorn.io/container-name: oneimage
    acorn.io/managed: "true"
    acorn.io/project-name: app-namespace
  name: oneimage
  namespace: app-created-namespace

---
apiVersion: apps/v1
kind: Deployment
metadata:
  annotations:
    acorn.io/config-hash: ""
  creationTimestamp: null
  labels:
    acorn.io/app-name: app-name
    acorn.io/app-namespace: app-namespace
    acorn.io/app-public-name: app-name
    acorn.io/container-name: oneimage
    acorn.io/managed: "true"
    acorn.io/project-name: app-namespace
  name: oneimage
  namespace: app-created-namespace
spec:
  selector:
    matchLabels:
      acorn.io/app-name: app-name
      acorn.io/app-namespace: app-namespace
      acorn.io/container-name: oneimage
      acorn.io/managed: "true"
  strategy: {}
  template:
    metadata:
      annotations:
        acorn.io/container-spec: '{"build":{"context":".","dockerfile":"Dockerfile"},"image":"image-name","metrics":{},"ports":[{"port":80,"protocol":"http","targetPort":81}],"probes":null}'
        karpenter.sh/do-not-evict: "true"
      creationTimestamp: null
      labels:
        acorn.io/app-name: app-name
        acorn.io/app-namespace: app-namespace
        acorn.io/app-public-name: app-name
        acorn.io/container-name: oneimage
        acorn.io/managed: "true"
        acorn.io/project-name: app-namespace
    spec:
      affinity:
        nodeAffinity:
          requiredDuringSchedulingIgnoredDuringExecution:
            nodeSelectorTerms:
            - matchExpressions:
              - key: foo
                operator: In
                values:
                - bar
      containers:
      - image: image-name
        name: oneimage
        ports:
        - containerPort: 81
          protocol: TCP
        readinessProbe:
          tcpSocket:
            port: 81
        resources:
          limits:
            memory: 1Mi
          requests:
            cpu: 1m
            memory: 1Mi
      enableServiceLinks: false
      hostname: oneimage
      imagePullSecrets:
      - name: oneimage-pull-1234567890ab
      serviceAccountName: oneimage
      terminationGracePeriodSeconds: 10
status: {}

---
apiVersion: policy/v1
kind: PodDisruptionBudget
metadata:
  annotations:
    acorn.io/config-hash: ""
  creationTimestamp: null
  labels:
    acorn.io/app-name: app-name
    acorn.io/app-namespace: app-namespace
    acorn.io/app-public-name: app-name
    acorn.io/container-name: oneimage
    acorn.io/managed: "true"
    acorn.io/project-name: app-namespace
  name: oneimage
  namespace: app-created-namespace
spec:
  maxUnavailable: 25%
  selector:
    matchLabels:
      acorn.io/app-name: app-name
      acorn.io/app-namespace: app-namespace
      acorn.io/container-name: oneimage
      acorn.io/managed: "true"
status:
  currentHealthy: 0
  desiredHealthy: 0
  disruptionsAllowed: 0
  expectedPods: 0

---
apiVersion: v1
kind: ServiceAccount
metadata:
  annotations:
    acorn.io/config-hash: ""
  creationTimestamp: null
  labels:
    acorn.io/app-name: app-name
    acorn.io/app-namespace: app-namespace
    acorn.io/app-public-name: app-name
    acorn.io/container-name: twoimage
    acorn.io/managed: "true"
    acorn.io/project-name: app-namespace
  name: twoimage
  namespace: app-created-namespace

---
apiVersion: apps/v1
kind: Deployment
metadata:
  annotations:
    acorn.io/config-hash: ""
  creationTimestamp: null
  labels:
    acorn.io/app-name: app-name
    acorn.io/app-namespace: app-namespace
    acorn.io/app-public-name: app-name
    acorn.io/container-name: twoimage
    acorn.io/managed: "true"
    acorn.io/project-name: app-namespace
  name: twoimage
  namespace: app-created-namespace
spec:
  selector:
    matchLabels:
      acorn.io/app-name: app-name
      acorn.io/app-namespace: app-namespace
      acorn.io/container-name: twoimage
      acorn.io/managed: "true"
  strategy: {}
  template:
    metadata:
      annotations:
        acorn.io/container-spec: '{"build":{"context":".","dockerfile":"Dockerfile"},"image":"image-name","metrics":{},"ports":[{"port":80,"protocol":"http","targetPort":81}],"probes":null}'
        karpenter.sh/do-not-evict: "true"
      creationTimestamp: null
      labels:
        acorn.io/app-name: app-name
        acorn.io/app-namespace: app-namespace
        acorn.io/app-public-name: app-name
        acorn.io/container-name: twoimage
        acorn.io/managed: "true"
        acorn.io/project-name: app-namespace
    spec:
      containers:
      - image: image-name
        name: twoimage
        ports:
        - containerPort: 81
          protocol: TCP
        readinessProbe:
          tcpSocket:
            port: 81
        resources: {}
      enableServiceLinks: false
      hostname: twoimage
      imagePullSecrets:
      - name: twoimage-pull-1234567890ab
      serviceAccountName: twoimage
      terminationGracePeriodSeconds: 10
status: {}

---
apiVersion: policy/v1
kind: PodDisruptionBudget
metadata:
  annotations:
    acorn.io/config-hash: ""
  creationTimestamp: null
  labels:
    acorn.io/app-name: app-name
    acorn.io/app-namespace: app-namespace
    acorn.io/app-public-name: app-name
    acorn.io/container-name: twoimage
    acorn.io/managed: "true"
    acorn.io/project-name: app-namespace
  name: twoimage
  namespace: app-created-namespace
spec:
  maxUnavailable: 25%
  selector:
    matchLabels:
      acorn.io/app-name: app-name
      acorn.io/app-namespace: app-namespace
      acorn.io/container-name: twoimage
      acorn.io/managed: "true"
status:
  currentHealthy: 0
  desiredHealthy: 0
  disruptionsAllowed: 0
  expectedPods: 0

---
apiVersion: internal.acorn.io/v1
kind: ServiceInstance
metadata:
  annotations:
    acorn.io/app-generation: "0"
    acorn.io/config-hash: ""
  creationTimestamp: null
  labels:
    acorn.io/app-name: app-name
    acorn.io/app-namespace: app-namespace
    acorn.io/container-name: oneimage
    acorn.io/managed: "true"
    acorn.io/public-name: app-name.oneimage
  name: oneimage
  namespace: app-created-namespace
spec:
  appName: app-name
  appNamespace: app-namespace
  container: oneimage
  default: false
  labels:
    acorn.io/app-name: app-name
    acorn.io/app-namespace: app-namespace
    acorn.io/container-name: oneimage
    acorn.io/managed: "true"
  ports:
  - port: 80
    protocol: http
    targetPort: 81
status: {}

---
apiVersion: internal.acorn.io/v1
kind: ServiceInstance
metadata:
  annotations:
    acorn.io/app-generation: "0"
    acorn.io/config-hash: ""
  creationTimestamp: null
  labels:
    acorn.io/app-name: app-name
    acorn.io/app-namespace: app-namespace
    acorn.io/container-name: twoimage
    acorn.io/managed: "true"
    acorn.io/public-name: app-name.twoimage
  name: twoimage
  namespace: app-created-namespace
spec:
  appName: app-name
  appNamespace: app-namespace
  container: twoimage
  default: false
  labels:
    acorn.io/app-name: app-name
    acorn.io/app-namespace: app-namespace
    acorn.io/container-name: twoimage
    acorn.io/managed: "true"
  ports:
  - port: 80
    protocol: http
    targetPort: 81
status: {}

---
apiVersion: internal.acorn.io/v1
kind: AppInstance
metadata:
  creationTimestamp: null
  name: app-name
  namespace: app-namespace
  uid: 1234567890abcdef
spec:
  computeClass:
    oneimage: sample-compute-class
  image: test
status:
  appImage:
    buildContext: {}
    id: test
    imageData: {}
    vcs: {}
  appSpec:
    containers:
      oneimage:
        build:
          context: .
          dockerfile: Dockerfile
        image: image-name
        metrics: {}
        ports:
        - port: 80
          protocol: http
          targetPort: 81
        probes: null
      twoimage:
        build:
          context: .
          dockerfile: Dockerfile
        image: image-name
        metrics: {}
        ports:
        - port: 80
          protocol: http
          targetPort: 81
        probes: null
  appStatus: {}
  columns: {}
  conditions:
    reason: Success
    status: "True"
    success: true
    type: defaults
    reason: Success
    status: "True"
    success: true
    type: scheduling
    reason: Success
    status: "True"
    success: true
    type: defined
  defaults:
    memory:
      "": 0
      oneimage: 1048576
      twoimage: 0
  namespace: app-created-namespace
  observedGeneration: 1
  scheduling:
    oneimage:
      affinity:
        nodeAffinity:
          requiredDuringSchedulingIgnoredDuringExecution:
            nodeSelectorTerms:
            - matchExpressions:
              - key: foo
                operator: In
                values:
                - bar
      requirements:
        limits:
          memory: 1Mi
        requests:
          cpu: 1m
          memory: 1Mi
    twoimage:
      requirements: {}
  staged:
    appImage:
      buildContext: {}
      imageData: {}
      vcs: {}
  summary: {}
`
