`apiVersion: v1
data:
  .dockerconfigjson: eyJhdXRocyI6eyJnaGNyLmlvIjp7ImF1dGgiOiJPZz09In0sImluZGV4LmRvY2tlci5pbyI6eyJhdXRoIjoiT2c9PSJ9fX0=
kind: Secret
metadata:
  creationTimestamp: null
  labels:
    acorn.io/managed: "true"
    acorn.io/pull-secret: "true"
  name: delete-only-pull-1234567890ab
  namespace: app-created-namespace
type: kubernetes.io/dockerconfigjson

---
apiVersion: v1
kind: ServiceAccount
metadata:
  annotations:
    acorn.io/app-generation: "3"
    acorn.io/config-hash: ""
  creationTimestamp: null
  labels:
    acorn.io/app-name: app-name
    acorn.io/app-namespace: app-namespace
    acorn.io/app-public-name: app-name
    acorn.io/job-name: delete-only
    acorn.io/managed: "true"
    acorn.io/project-name: app-namespace
  name: delete-only
  namespace: app-created-namespace

---
apiVersion: batch/v1
kind: Job
metadata:
  annotations:
    acorn.io/app-generation: "3"
    acorn.io/config-hash: ""
    apply.acorn.io/prune: "false"
    apply.acorn.io/update: "true"
  creationTimestamp: null
  labels:
    acorn.io/app-name: app-name
    acorn.io/app-namespace: app-namespace
    acorn.io/app-public-name: app-name
    acorn.io/job-name: delete-only
    acorn.io/managed: "true"
    acorn.io/project-name: app-namespace
  name: delete-only
  namespace: app-created-namespace
spec:
  backoffLimit: 1000
  template:
    metadata:
      annotations:
        acorn.io/app-generation: "3"
        acorn.io/config-hash: ""
        acorn.io/container-spec: '{"events":["delete"],"image":"delete-only-image","metrics":{},"probes":null}'
      creationTimestamp: null
      labels:
        acorn.io/app-name: app-name
        acorn.io/app-namespace: app-namespace
        acorn.io/app-public-name: app-name
        acorn.io/job-name: delete-only
        acorn.io/managed: "true"
        acorn.io/project-name: app-namespace
    spec:
      containers:
      - env:
        - name: ACORN_EVENT
          value: delete
        image: delete-only-image
        name: delete-only
        resources: {}
        volumeMounts:
        - mountPath: /run/secrets
          name: acorn-job-output-helper
      - command:
        - /usr/local/bin/acorn-job-helper-init
        env:
        - name: ACORN_EVENT
          value: delete
        image: ghcr.io/acorn-io/runtime:main
        imagePullPolicy: IfNotPresent
        name: acorn-job-output-helper
        resources: {}
        volumeMounts:
        - mountPath: /run/secrets
          name: acorn-job-output-helper
      enableServiceLinks: false
      imagePullSecrets:
      - name: delete-only-pull-1234567890ab
      restartPolicy: Never
      serviceAccountName: delete-only
      terminationGracePeriodSeconds: 5
      volumes:
      - emptyDir:
          medium: Memory
          sizeLimit: 1M
        name: acorn-job-output-helper
status: {}

---
apiVersion: internal.acorn.io/v1
kind: AppInstance
metadata:
  creationTimestamp: null
  deletionTimestamp: "1986-02-12T00:00:00Z"
  generation: 3
  name: app-name
  namespace: app-namespace
  uid: 1234567890abcdef
spec:
  image: test
status:
  appImage:
    buildContext: {}
    id: test
    imageData: {}
    vcs: {}
  appSpec:
    jobs:
      create-only:
        events:
        - create
        image: create-only-image
        metrics: {}
        probes: null
      delete-only:
        events:
        - delete
        image: delete-only-image
        metrics: {}
        probes: null
      stop-only:
        events:
        - stop
        image: stop-only-image
        metrics: {}
        probes: null
      update-only:
        events:
        - update
        image: update-only-image
        metrics: {}
        probes: null
  appStatus:
    jobs:
      create-only:
        createEventSucceeded: true
        skipped: true
      delete-only: {}
      stop-only:
        skipped: true
      update-only:
        skipped: true
  columns: {}
  conditions:
    observedGeneration: 3
    reason: Success
    status: "True"
    success: true
    type: defined
  defaults: {}
  namespace: app-created-namespace
  staged:
    appImage:
      buildContext: {}
      imageData: {}
      vcs: {}
  summary: {}
`
