`apiVersion: internal.acorn.io/v1
kind: AppInstance
metadata:
  creationTimestamp: null
  name: default
  namespace: random
spec: {}
status:
  appImage:
    acornfile: |
      args: {
        newSyntax: number || default 1
      }
      containers: {
        oneimage: image: "image-name\(args.newSyntax)"
        buildimage: build: {
          dockerfile: "custom-dockerfile"
        }
      }
    buildContext: {}
    imageData:
      containers:
        buildimage:
          image: sha256:build-image
        oneimage:
          image: image-name
    vcs: {}
    version:
      acornfileSchema: v1
  appSpec:
    containers:
      buildimage:
        build:
          context: .
          dockerfile: custom-dockerfile
        image: sha256:build-image
        metrics: {}
        probes: null
      oneimage:
        build:
          baseImage: image-name1
          context: .
          dockerfile: Dockerfile
        image: image-name
        metrics: {}
        probes: null
  appStatus: {}
  columns: {}
  conditions:
    reason: Success
    status: "True"
    success: true
    type: parsed
  resolvedOfferings: {}
  staged:
    appImage:
      buildContext: {}
      imageData: {}
      vcs: {}
  summary: {}
`
