`apiVersion: internal.acorn.io/v1
kind: AppInstance
metadata:
  creationTimestamp: null
  name: app-name
  namespace: app-namespace
  uid: 1234567890abcdef
spec:
  computeClass:
    oneimage: sample-compute-class
  image: test
status:
  appImage:
    digest: foo
    imageData: {}
    name: test
    vcs: {}
  appSpec:
    containers:
      oneimage:
        build:
          context: .
          dockerfile: Dockerfile
        image: image-name
        metrics: {}
        ports:
        - port: 80
          protocol: http
          targetPort: 81
        probes: null
        sidecars:
          left:
            image: foo
            metrics: {}
            ports:
            - port: 90
              protocol: tcp
              targetPort: 91
            probes: null
  appStatus: {}
  columns: {}
  conditions:
    reason: Success
    status: "True"
    success: true
    type: scheduling
  defaults:
    memory:
      "": 0
      left: 1048576
      oneimage: 1048576
  namespace: app-created-namespace
  observedImageDigest: foo
  scheduling:
    left:
      requirements:
        limits:
          memory: 10Mi
        requests:
          cpu: 10m
          memory: 10Mi
    oneimage:
      affinity:
        nodeAffinity:
          requiredDuringSchedulingIgnoredDuringExecution:
            nodeSelectorTerms:
            - matchExpressions:
              - key: bar
                operator: In
                values:
                - baz
      requirements:
        limits:
          memory: 10Mi
        requests:
          cpu: 10m
          memory: 10Mi
`
