`apiVersion: v1
data:
  .dockerconfigjson: eyJhdXRocyI6eyJpbmRleC5kb2NrZXIuaW8iOnsiYXV0aCI6Ik9nPT0ifX19
kind: Secret
metadata:
  creationTimestamp: null
  labels:
    acorn.io/managed: "true"
    acorn.io/pull-secret: "true"
  name: scalenil-pull-1234567890ab
  namespace: app-created-namespace
type: kubernetes.io/dockerconfigjson

---
apiVersion: v1
data:
  .dockerconfigjson: eyJhdXRocyI6eyJpbmRleC5kb2NrZXIuaW8iOnsiYXV0aCI6Ik9nPT0ifX19
kind: Secret
metadata:
  creationTimestamp: null
  labels:
    acorn.io/managed: "true"
    acorn.io/pull-secret: "true"
  name: scaleone-pull-1234567890ab
  namespace: app-created-namespace
type: kubernetes.io/dockerconfigjson

---
apiVersion: v1
data:
  .dockerconfigjson: eyJhdXRocyI6eyJpbmRleC5kb2NrZXIuaW8iOnsiYXV0aCI6Ik9nPT0ifX19
kind: Secret
metadata:
  creationTimestamp: null
  labels:
    acorn.io/managed: "true"
    acorn.io/pull-secret: "true"
  name: scaleotwo-pull-1234567890ab
  namespace: app-created-namespace
type: kubernetes.io/dockerconfigjson

---
apiVersion: v1
kind: ServiceAccount
metadata:
  annotations:
    acorn.io/config-hash: ""
  creationTimestamp: null
  labels:
    acorn.io/app-name: app-name
    acorn.io/app-namespace: app-namespace
    acorn.io/app-public-name: app-name
    acorn.io/container-name: scalenil
    acorn.io/managed: "true"
    acorn.io/project-name: app-namespace
  name: scalenil
  namespace: app-created-namespace

---
apiVersion: apps/v1
kind: Deployment
metadata:
  annotations:
    acorn.io/config-hash: ""
  creationTimestamp: null
  labels:
    acorn.io/app-name: app-name
    acorn.io/app-namespace: app-namespace
    acorn.io/app-public-name: app-name
    acorn.io/container-name: scalenil
    acorn.io/managed: "true"
    acorn.io/project-name: app-namespace
  name: scalenil
  namespace: app-created-namespace
spec:
  selector:
    matchLabels:
      acorn.io/app-name: app-name
      acorn.io/app-namespace: app-namespace
      acorn.io/container-name: scalenil
      acorn.io/managed: "true"
  strategy: {}
  template:
    metadata:
      annotations:
        acorn.io/container-spec: '{"build":{"context":".","dockerfile":"Dockerfile"},"image":"image-name","metrics":{},"probes":null}'
        karpenter.sh/do-not-evict: "true"
      creationTimestamp: null
      labels:
        acorn.io/app-name: app-name
        acorn.io/app-namespace: app-namespace
        acorn.io/app-public-name: app-name
        acorn.io/container-name: scalenil
        acorn.io/managed: "true"
        acorn.io/project-name: app-namespace
    spec:
      containers:
      - image: image-name
        name: scalenil
        resources: {}
      enableServiceLinks: false
      hostname: scalenil
      imagePullSecrets:
      - name: scalenil-pull-1234567890ab
      serviceAccountName: scalenil
      terminationGracePeriodSeconds: 10
status: {}

---
apiVersion: policy/v1
kind: PodDisruptionBudget
metadata:
  annotations:
    acorn.io/config-hash: ""
  creationTimestamp: null
  labels:
    acorn.io/app-name: app-name
    acorn.io/app-namespace: app-namespace
    acorn.io/app-public-name: app-name
    acorn.io/container-name: scalenil
    acorn.io/managed: "true"
    acorn.io/project-name: app-namespace
  name: scalenil
  namespace: app-created-namespace
spec:
  maxUnavailable: 25%
  selector:
    matchLabels:
      acorn.io/app-name: app-name
      acorn.io/app-namespace: app-namespace
      acorn.io/container-name: scalenil
      acorn.io/managed: "true"
status:
  currentHealthy: 0
  desiredHealthy: 0
  disruptionsAllowed: 0
  expectedPods: 0

---
apiVersion: v1
kind: ServiceAccount
metadata:
  annotations:
    acorn.io/config-hash: ""
  creationTimestamp: null
  labels:
    acorn.io/app-name: app-name
    acorn.io/app-namespace: app-namespace
    acorn.io/app-public-name: app-name
    acorn.io/container-name: scaleone
    acorn.io/managed: "true"
    acorn.io/project-name: app-namespace
  name: scaleone
  namespace: app-created-namespace

---
apiVersion: apps/v1
kind: Deployment
metadata:
  annotations:
    acorn.io/config-hash: ""
  creationTimestamp: null
  labels:
    acorn.io/app-name: app-name
    acorn.io/app-namespace: app-namespace
    acorn.io/app-public-name: app-name
    acorn.io/container-name: scaleone
    acorn.io/managed: "true"
    acorn.io/project-name: app-namespace
  name: scaleone
  namespace: app-created-namespace
spec:
  replicas: 1
  selector:
    matchLabels:
      acorn.io/app-name: app-name
      acorn.io/app-namespace: app-namespace
      acorn.io/container-name: scaleone
      acorn.io/managed: "true"
  strategy: {}
  template:
    metadata:
      annotations:
        acorn.io/container-spec: '{"build":{"context":".","dockerfile":"custom-dockerfile"},"image":"sha256:build-image","metrics":{},"probes":null,"scale":1}'
        karpenter.sh/do-not-evict: "true"
      creationTimestamp: null
      labels:
        acorn.io/app-name: app-name
        acorn.io/app-namespace: app-namespace
        acorn.io/app-public-name: app-name
        acorn.io/container-name: scaleone
        acorn.io/managed: "true"
        acorn.io/project-name: app-namespace
    spec:
      containers:
      - image: sha256:build-image
        name: scaleone
        resources: {}
      enableServiceLinks: false
      hostname: scaleone
      imagePullSecrets:
      - name: scaleone-pull-1234567890ab
      serviceAccountName: scaleone
      terminationGracePeriodSeconds: 10
status: {}

---
apiVersion: policy/v1
kind: PodDisruptionBudget
metadata:
  annotations:
    acorn.io/config-hash: ""
  creationTimestamp: null
  labels:
    acorn.io/app-name: app-name
    acorn.io/app-namespace: app-namespace
    acorn.io/app-public-name: app-name
    acorn.io/container-name: scaleone
    acorn.io/managed: "true"
    acorn.io/project-name: app-namespace
  name: scaleone
  namespace: app-created-namespace
spec:
  maxUnavailable: 1
  selector:
    matchLabels:
      acorn.io/app-name: app-name
      acorn.io/app-namespace: app-namespace
      acorn.io/container-name: scaleone
      acorn.io/managed: "true"
status:
  currentHealthy: 0
  desiredHealthy: 0
  disruptionsAllowed: 0
  expectedPods: 0

---
apiVersion: v1
kind: ServiceAccount
metadata:
  annotations:
    acorn.io/config-hash: ""
  creationTimestamp: null
  labels:
    acorn.io/app-name: app-name
    acorn.io/app-namespace: app-namespace
    acorn.io/app-public-name: app-name
    acorn.io/container-name: scaleotwo
    acorn.io/managed: "true"
    acorn.io/project-name: app-namespace
  name: scaleotwo
  namespace: app-created-namespace

---
apiVersion: apps/v1
kind: Deployment
metadata:
  annotations:
    acorn.io/config-hash: ""
  creationTimestamp: null
  labels:
    acorn.io/app-name: app-name
    acorn.io/app-namespace: app-namespace
    acorn.io/app-public-name: app-name
    acorn.io/container-name: scaleotwo
    acorn.io/managed: "true"
    acorn.io/project-name: app-namespace
  name: scaleotwo
  namespace: app-created-namespace
spec:
  replicas: 2
  selector:
    matchLabels:
      acorn.io/app-name: app-name
      acorn.io/app-namespace: app-namespace
      acorn.io/container-name: scaleotwo
      acorn.io/managed: "true"
  strategy: {}
  template:
    metadata:
      annotations:
        acorn.io/container-spec: '{"build":{"context":".","dockerfile":"custom-dockerfile"},"image":"sha256:build-image","metrics":{},"probes":null,"scale":2}'
      creationTimestamp: null
      labels:
        acorn.io/app-name: app-name
        acorn.io/app-namespace: app-namespace
        acorn.io/app-public-name: app-name
        acorn.io/container-name: scaleotwo
        acorn.io/managed: "true"
        acorn.io/project-name: app-namespace
    spec:
      containers:
      - image: sha256:build-image
        name: scaleotwo
        resources: {}
      enableServiceLinks: false
      imagePullSecrets:
      - name: scaleotwo-pull-1234567890ab
      serviceAccountName: scaleotwo
      terminationGracePeriodSeconds: 10
status: {}

---
apiVersion: policy/v1
kind: PodDisruptionBudget
metadata:
  annotations:
    acorn.io/config-hash: ""
  creationTimestamp: null
  labels:
    acorn.io/app-name: app-name
    acorn.io/app-namespace: app-namespace
    acorn.io/app-public-name: app-name
    acorn.io/container-name: scaleotwo
    acorn.io/managed: "true"
    acorn.io/project-name: app-namespace
  name: scaleotwo
  namespace: app-created-namespace
spec:
  maxUnavailable: 1
  selector:
    matchLabels:
      acorn.io/app-name: app-name
      acorn.io/app-namespace: app-namespace
      acorn.io/container-name: scaleotwo
      acorn.io/managed: "true"
status:
  currentHealthy: 0
  desiredHealthy: 0
  disruptionsAllowed: 0
  expectedPods: 0

---
apiVersion: internal.acorn.io/v1
kind: AppInstance
metadata:
  creationTimestamp: null
  name: app-name
  namespace: app-namespace
  uid: 1234567890abcdef
spec:
  image: test
status:
  appImage:
    buildContext: {}
    id: test
    imageData: {}
    vcs: {}
  appSpec:
    containers:
      scalenil:
        build:
          context: .
          dockerfile: Dockerfile
        image: image-name
        metrics: {}
        probes: null
      scaleone:
        build:
          context: .
          dockerfile: custom-dockerfile
        image: sha256:build-image
        metrics: {}
        probes: null
        scale: 1
      scaleotwo:
        build:
          context: .
          dockerfile: custom-dockerfile
        image: sha256:build-image
        metrics: {}
        probes: null
        scale: 2
  appStatus: {}
  columns: {}
  conditions:
    reason: Success
    status: "True"
    success: true
    type: defined
  defaults: {}
  namespace: app-created-namespace
  resolvedOfferings: {}
  staged:
    appImage:
      buildContext: {}
      imageData: {}
      vcs: {}
  summary: {}
`
