`apiVersion: v1
data:
  .dockerconfigjson: eyJhdXRocyI6eyJpbmRleC5kb2NrZXIuaW8iOnsiYXV0aCI6Ik9nPT0ifX19
kind: Secret
metadata:
  creationTimestamp: null
  labels:
    acorn.io/managed: "true"
    acorn.io/pull-secret: "true"
  name: oneimage-pull-1234567890ab
  namespace: app-created-namespace
type: kubernetes.io/dockerconfigjson

---
apiVersion: v1
data:
  .dockerconfigjson: eyJhdXRocyI6eyJpbmRleC5kb2NrZXIuaW8iOnsiYXV0aCI6Ik9nPT0ifX19
kind: Secret
metadata:
  creationTimestamp: null
  labels:
    acorn.io/managed: "true"
    acorn.io/pull-secret: "true"
  name: twoimage-pull-1234567890ab
  namespace: app-created-namespace
type: kubernetes.io/dockerconfigjson

---
apiVersion: rbac.authorization.k8s.io/v1
kind: ClusterRole
metadata:
  annotations:
    acorn.io/config-hash: ""
  creationTimestamp: null
  labels:
    acorn.io/app-name: app-name
    acorn.io/app-namespace: app-namespace
    acorn.io/app-public-name: app-name
    acorn.io/container-name: oneimage
    acorn.io/managed: "true"
    acorn.io/project-name: app-namespace
  name: oneimage-app-name-app-namespace-1234567890ab
rules:
- apiGroups:
  - foo.io
  resources:
  - bar
  verbs:
  - create

---
apiVersion: rbac.authorization.k8s.io/v1
kind: ClusterRoleBinding
metadata:
  annotations:
    acorn.io/config-hash: ""
  creationTimestamp: null
  labels:
    acorn.io/app-name: app-name
    acorn.io/app-namespace: app-namespace
    acorn.io/app-public-name: app-name
    acorn.io/container-name: oneimage
    acorn.io/managed: "true"
    acorn.io/project-name: app-namespace
  name: oneimage-app-name-app-namespace-1234567890ab
roleRef:
  apiGroup: rbac.authorization.k8s.io
  kind: ClusterRole
  name: oneimage-app-name-app-namespace-1234567890ab
subjects:
- kind: ServiceAccount
  name: oneimage
  namespace: app-created-namespace

---
apiVersion: rbac.authorization.k8s.io/v1
kind: Role
metadata:
  annotations:
    acorn.io/config-hash: ""
  creationTimestamp: null
  labels:
    acorn.io/app-name: app-name
    acorn.io/app-namespace: app-namespace
    acorn.io/app-public-name: app-name
    acorn.io/container-name: oneimage
    acorn.io/managed: "true"
    acorn.io/project-name: app-namespace
  name: oneimage-app-name-app-namespace-1234567890ab-app-namespace
  namespace: app-namespace
rules:
- apiGroups:
  - bar.io
  resources:
  - foo
  verbs:
  - patch

---
apiVersion: rbac.authorization.k8s.io/v1
kind: RoleBinding
metadata:
  annotations:
    acorn.io/config-hash: ""
  creationTimestamp: null
  labels:
    acorn.io/app-name: app-name
    acorn.io/app-namespace: app-namespace
    acorn.io/app-public-name: app-name
    acorn.io/container-name: oneimage
    acorn.io/managed: "true"
    acorn.io/project-name: app-namespace
  name: oneimage-app-name-app-namespace-1234567890ab-app-namespace
  namespace: app-namespace
roleRef:
  apiGroup: rbac.authorization.k8s.io
  kind: Role
  name: oneimage-app-name-app-namespace-1234567890ab-app-namespace
subjects:
- kind: ServiceAccount
  name: oneimage
  namespace: app-created-namespace

---
apiVersion: v1
kind: ServiceAccount
metadata:
  annotations:
    acorn.io/config-hash: ""
    acorn.io/permissions: '{"serviceName":"oneimage","rules":[{"verbs":["create"],"apiGroups":["foo.io"],"resources":["bar"],"scopes":["account"]},{"verbs":["patch"],"apiGroups":["bar.io"],"resources":["foo"]}]}'
  creationTimestamp: null
  labels:
    acorn.io/app-name: app-name
    acorn.io/app-namespace: app-namespace
    acorn.io/app-public-name: app-name
    acorn.io/container-name: oneimage
    acorn.io/managed: "true"
    acorn.io/project-name: app-namespace
  name: oneimage
  namespace: app-created-namespace

---
apiVersion: apps/v1
kind: Deployment
metadata:
  annotations:
    acorn.io/config-hash: ""
  creationTimestamp: null
  labels:
    acorn.io/app-name: app-name
    acorn.io/app-namespace: app-namespace
    acorn.io/app-public-name: app-name
    acorn.io/container-name: oneimage
    acorn.io/managed: "true"
    acorn.io/project-name: app-namespace
  name: oneimage
  namespace: app-created-namespace
spec:
  selector:
    matchLabels:
      acorn.io/app-name: app-name
      acorn.io/app-namespace: app-namespace
      acorn.io/container-name: oneimage
      acorn.io/managed: "true"
  strategy: {}
  template:
    metadata:
      annotations:
        acorn.io/container-spec: '{"build":{"context":".","dockerfile":"Dockerfile"},"image":"image-name","metrics":{},"ports":[{"port":80,"protocol":"http","targetPort":81}],"probes":null,"sidecars":{"left":{"image":"foo","metrics":{},"ports":[{"port":90,"protocol":"tcp","targetPort":91}],"probes":null}}}'
        karpenter.sh/do-not-evict: "true"
      creationTimestamp: null
      labels:
        acorn.io/app-name: app-name
        acorn.io/app-namespace: app-namespace
        acorn.io/app-public-name: app-name
        acorn.io/container-name: oneimage
        acorn.io/managed: "true"
        acorn.io/project-name: app-namespace
    spec:
      containers:
      - image: image-name
        name: oneimage
        ports:
        - containerPort: 81
          protocol: TCP
        readinessProbe:
          tcpSocket:
            port: 81
        resources: {}
      - image: foo
        name: left
        ports:
        - containerPort: 91
          protocol: TCP
        readinessProbe:
          tcpSocket:
            port: 91
        resources: {}
      enableServiceLinks: false
      hostname: oneimage
      imagePullSecrets:
      - name: oneimage-pull-1234567890ab
      serviceAccountName: oneimage
      terminationGracePeriodSeconds: 10
status: {}

---
apiVersion: policy/v1
kind: PodDisruptionBudget
metadata:
  annotations:
    acorn.io/config-hash: ""
  creationTimestamp: null
  labels:
    acorn.io/app-name: app-name
    acorn.io/app-namespace: app-namespace
    acorn.io/app-public-name: app-name
    acorn.io/container-name: oneimage
    acorn.io/managed: "true"
    acorn.io/project-name: app-namespace
  name: oneimage
  namespace: app-created-namespace
spec:
  maxUnavailable: 25%
  selector:
    matchLabels:
      acorn.io/app-name: app-name
      acorn.io/app-namespace: app-namespace
      acorn.io/container-name: oneimage
      acorn.io/managed: "true"
status:
  currentHealthy: 0
  desiredHealthy: 0
  disruptionsAllowed: 0
  expectedPods: 0

---
apiVersion: rbac.authorization.k8s.io/v1
kind: ClusterRole
metadata:
  annotations:
    acorn.io/config-hash: ""
  creationTimestamp: null
  labels:
    acorn.io/app-name: app-name
    acorn.io/app-namespace: app-namespace
    acorn.io/app-public-name: app-name
    acorn.io/container-name: twoimage
    acorn.io/managed: "true"
    acorn.io/project-name: app-namespace
  name: twoimage-app-name-app-namespace-1234567890ab
rules:
- apiGroups:
  - foo.io
  resources:
  - bar
  verbs:
  - put

---
apiVersion: rbac.authorization.k8s.io/v1
kind: ClusterRoleBinding
metadata:
  annotations:
    acorn.io/config-hash: ""
  creationTimestamp: null
  labels:
    acorn.io/app-name: app-name
    acorn.io/app-namespace: app-namespace
    acorn.io/app-public-name: app-name
    acorn.io/container-name: twoimage
    acorn.io/managed: "true"
    acorn.io/project-name: app-namespace
  name: twoimage-app-name-app-namespace-1234567890ab
roleRef:
  apiGroup: rbac.authorization.k8s.io
  kind: ClusterRole
  name: twoimage-app-name-app-namespace-1234567890ab
subjects:
- kind: ServiceAccount
  name: twoimage
  namespace: app-created-namespace

---
apiVersion: rbac.authorization.k8s.io/v1
kind: Role
metadata:
  annotations:
    acorn.io/config-hash: ""
  creationTimestamp: null
  labels:
    acorn.io/app-name: app-name
    acorn.io/app-namespace: app-namespace
    acorn.io/app-public-name: app-name
    acorn.io/container-name: twoimage
    acorn.io/managed: "true"
    acorn.io/project-name: app-namespace
  name: twoimage-app-name-app-namespace-1234567890ab-app-namespace
  namespace: app-namespace
rules:
- apiGroups:
  - bar.io
  resources:
  - foo
  verbs:
  - delete

---
apiVersion: rbac.authorization.k8s.io/v1
kind: RoleBinding
metadata:
  annotations:
    acorn.io/config-hash: ""
  creationTimestamp: null
  labels:
    acorn.io/app-name: app-name
    acorn.io/app-namespace: app-namespace
    acorn.io/app-public-name: app-name
    acorn.io/container-name: twoimage
    acorn.io/managed: "true"
    acorn.io/project-name: app-namespace
  name: twoimage-app-name-app-namespace-1234567890ab-app-namespace
  namespace: app-namespace
roleRef:
  apiGroup: rbac.authorization.k8s.io
  kind: Role
  name: twoimage-app-name-app-namespace-1234567890ab-app-namespace
subjects:
- kind: ServiceAccount
  name: twoimage
  namespace: app-created-namespace

---
apiVersion: v1
kind: ServiceAccount
metadata:
  annotations:
    acorn.io/config-hash: ""
    acorn.io/permissions: '{"serviceName":"twoimage","rules":[{"verbs":["put"],"apiGroups":["foo.io"],"resources":["bar"],"scopes":["cluster"]},{"verbs":["delete"],"apiGroups":["bar.io"],"resources":["foo"]}]}'
  creationTimestamp: null
  labels:
    acorn.io/app-name: app-name
    acorn.io/app-namespace: app-namespace
    acorn.io/app-public-name: app-name
    acorn.io/container-name: twoimage
    acorn.io/managed: "true"
    acorn.io/project-name: app-namespace
  name: twoimage
  namespace: app-created-namespace

---
apiVersion: apps/v1
kind: Deployment
metadata:
  annotations:
    acorn.io/config-hash: ""
  creationTimestamp: null
  labels:
    acorn.io/app-name: app-name
    acorn.io/app-namespace: app-namespace
    acorn.io/app-public-name: app-name
    acorn.io/container-name: twoimage
    acorn.io/managed: "true"
    acorn.io/project-name: app-namespace
  name: twoimage
  namespace: app-created-namespace
spec:
  selector:
    matchLabels:
      acorn.io/app-name: app-name
      acorn.io/app-namespace: app-namespace
      acorn.io/container-name: twoimage
      acorn.io/managed: "true"
  strategy: {}
  template:
    metadata:
      annotations:
        acorn.io/container-spec: '{"build":{"context":".","dockerfile":"Dockerfile"},"image":"image-name","metrics":{},"ports":[{"port":80,"protocol":"http","targetPort":81}],"probes":null,"sidecars":{"left":{"image":"foo","metrics":{},"ports":[{"port":90,"protocol":"tcp","targetPort":91}],"probes":null}}}'
        karpenter.sh/do-not-evict: "true"
      creationTimestamp: null
      labels:
        acorn.io/app-name: app-name
        acorn.io/app-namespace: app-namespace
        acorn.io/app-public-name: app-name
        acorn.io/container-name: twoimage
        acorn.io/managed: "true"
        acorn.io/project-name: app-namespace
    spec:
      containers:
      - image: image-name
        name: twoimage
        ports:
        - containerPort: 81
          protocol: TCP
        readinessProbe:
          tcpSocket:
            port: 81
        resources: {}
      - image: foo
        name: left
        ports:
        - containerPort: 91
          protocol: TCP
        readinessProbe:
          tcpSocket:
            port: 91
        resources: {}
      enableServiceLinks: false
      hostname: twoimage
      imagePullSecrets:
      - name: twoimage-pull-1234567890ab
      serviceAccountName: twoimage
      terminationGracePeriodSeconds: 10
status: {}

---
apiVersion: policy/v1
kind: PodDisruptionBudget
metadata:
  annotations:
    acorn.io/config-hash: ""
  creationTimestamp: null
  labels:
    acorn.io/app-name: app-name
    acorn.io/app-namespace: app-namespace
    acorn.io/app-public-name: app-name
    acorn.io/container-name: twoimage
    acorn.io/managed: "true"
    acorn.io/project-name: app-namespace
  name: twoimage
  namespace: app-created-namespace
spec:
  maxUnavailable: 25%
  selector:
    matchLabels:
      acorn.io/app-name: app-name
      acorn.io/app-namespace: app-namespace
      acorn.io/container-name: twoimage
      acorn.io/managed: "true"
status:
  currentHealthy: 0
  desiredHealthy: 0
  disruptionsAllowed: 0
  expectedPods: 0

---
apiVersion: internal.acorn.io/v1
kind: ServiceInstance
metadata:
  annotations:
    acorn.io/app-generation: "0"
    acorn.io/config-hash: ""
  creationTimestamp: null
  labels:
    acorn.io/app-name: app-name
    acorn.io/app-namespace: app-namespace
    acorn.io/container-name: oneimage
    acorn.io/managed: "true"
    acorn.io/public-name: app-name.oneimage
  name: oneimage
  namespace: app-created-namespace
spec:
  appName: app-name
  appNamespace: app-namespace
  container: oneimage
  default: false
  labels:
    acorn.io/app-name: app-name
    acorn.io/app-namespace: app-namespace
    acorn.io/container-name: oneimage
    acorn.io/managed: "true"
  ports:
  - port: 80
    protocol: http
    targetPort: 81
  - port: 90
    protocol: tcp
    targetPort: 91
status: {}

---
apiVersion: internal.acorn.io/v1
kind: ServiceInstance
metadata:
  annotations:
    acorn.io/app-generation: "0"
    acorn.io/config-hash: ""
  creationTimestamp: null
  labels:
    acorn.io/app-name: app-name
    acorn.io/app-namespace: app-namespace
    acorn.io/container-name: twoimage
    acorn.io/managed: "true"
    acorn.io/public-name: app-name.twoimage
  name: twoimage
  namespace: app-created-namespace
spec:
  appName: app-name
  appNamespace: app-namespace
  container: twoimage
  default: false
  labels:
    acorn.io/app-name: app-name
    acorn.io/app-namespace: app-namespace
    acorn.io/container-name: twoimage
    acorn.io/managed: "true"
  ports:
  - port: 80
    protocol: http
    targetPort: 81
  - port: 90
    protocol: tcp
    targetPort: 91
status: {}

---
apiVersion: internal.acorn.io/v1
kind: AppInstance
metadata:
  creationTimestamp: null
  name: app-name
  namespace: app-namespace
  uid: 1234567890abcdef
spec:
  image: test
  permissions:
  - rules:
    - apiGroups:
      - foo.io
      resources:
      - bar
      scopes:
      - account
      verbs:
      - create
    - apiGroups:
      - bar.io
      resources:
      - foo
      verbs:
      - patch
    serviceName: oneimage
  - rules:
    - apiGroups:
      - foo.io
      resources:
      - bar
      scopes:
      - cluster
      verbs:
      - put
    - apiGroups:
      - bar.io
      resources:
      - foo
      verbs:
      - delete
    serviceName: twoimage
status:
  appImage:
    buildContext: {}
    id: test
    imageData: {}
    vcs: {}
  appSpec:
    containers:
      oneimage:
        build:
          context: .
          dockerfile: Dockerfile
        image: image-name
        metrics: {}
        ports:
        - port: 80
          protocol: http
          targetPort: 81
        probes: null
        sidecars:
          left:
            image: foo
            metrics: {}
            ports:
            - port: 90
              protocol: tcp
              targetPort: 91
            probes: null
      twoimage:
        build:
          context: .
          dockerfile: Dockerfile
        image: image-name
        metrics: {}
        ports:
        - port: 80
          protocol: http
          targetPort: 81
        probes: null
        sidecars:
          left:
            image: foo
            metrics: {}
            ports:
            - port: 90
              protocol: tcp
              targetPort: 91
            probes: null
  appStatus: {}
  columns: {}
  conditions:
    reason: Success
    status: "True"
    success: true
    type: defined
  defaults: {}
  namespace: app-created-namespace
  permissions:
  - rules:
    - apiGroups:
      - foo.io
      resources:
      - bar
      scopes:
      - account
      verbs:
      - create
    - apiGroups:
      - bar.io
      resources:
      - foo
      verbs:
      - patch
    serviceName: oneimage
  - rules:
    - apiGroups:
      - foo.io
      resources:
      - bar
      scopes:
      - cluster
      verbs:
      - put
    - apiGroups:
      - bar.io
      resources:
      - foo
      verbs:
      - delete
    serviceName: twoimage
  staged:
    appImage:
      buildContext: {}
      imageData: {}
      vcs: {}
  summary: {}
`
