`apiVersion: internal.acorn.io/v1
kind: AppInstance
metadata:
  creationTimestamp: null
  name: default
  namespace: random
spec: {}
status:
  appImage:
    acornfile: |
      args: image: "not-foo"
      profiles: dev: image: "foo"
      containers: {
        oneimage: image: args.image
      }
    imageData:
      containers:
        oneimage:
          image: sha256:build-image
    vcs: {}
  appSpec:
    containers:
      oneimage:
        build:
          baseImage: foo
          context: .
          dockerfile: Dockerfile
        image: sha256:build-image
        metrics: {}
        permissions: {}
        probes: null
  appStatus: {}
  columns: {}
  conditions:
    reason: Success
    status: "True"
    success: true
    type: parsed
  defaults: {}
  devSession:
    client:
      imageSource: {}
    sessionRenewTime: null
    sessionStartTime: null
`
