`apiVersion: internal.acorn.io/v1
kind: AppInstance
metadata:
  creationTimestamp: null
  name: app-name
  namespace: app-namespace
  uid: 1234567890abcdef
spec:
  image: test
  memory:
    oneimage: 1048576
status:
  appImage:
    buildContext: {}
    id: test
    imageData: {}
    vcs: {}
  appSpec:
    containers:
      oneimage:
        build:
          context: .
          dockerfile: Dockerfile
        image: image-name
        metrics: {}
        ports:
        - port: 80
          protocol: http
          targetPort: 81
        probes: null
        sidecars:
          left:
            image: foo
            metrics: {}
            ports:
            - port: 90
              protocol: tcp
              targetPort: 91
            probes: null
  appStatus: {}
  columns: {}
  conditions:
    reason: Success
    status: "True"
    success: true
    type: scheduling
  defaults:
    memory:
      "": 0
      left: 0
      oneimage: 0
  namespace: app-created-namespace
  scheduling:
    left:
      requirements: {}
    oneimage:
      requirements:
        limits:
          memory: 10Mi
        requests:
          memory: 10Mi
  staged:
    appImage:
      buildContext: {}
      imageData: {}
      vcs: {}
  summary: {}
`
