`apiVersion: internal.acorn.io/v1
kind: AppInstance
metadata:
  creationTimestamp: null
  name: app-name
  namespace: app-namespace
  uid: 1234567890abcdef
spec:
  image: test
status:
  appImage:
    buildContext: {}
    id: test
    imageData: {}
    vcs: {}
  appSpec:
    containers:
      container-name:
        dirs:
          /var/tmp:
            secret: {}
            volume: foo
        image: image-name
        metrics: {}
        probes: null
    volumes:
      foo:
        class: custom-class
  appStatus: {}
  columns: {}
  conditions:
    reason: Success
    status: "True"
    success: true
    type: resolved-offerings
  defaults: {}
  namespace: app-created-namespace
  observedGeneration: 1
  resolvedOfferings:
    containers:
      "":
        memory: 0
      container-name:
        memory: 0
    volumes:
      foo:
        accessModes:
        - readWriteMany
        class: custom-class
        size: 6Gi
  staged:
    appImage:
      buildContext: {}
      imageData: {}
      vcs: {}
  summary: {}
`
