`apiVersion: v1
kind: ServiceAccount
metadata:
  creationTimestamp: null
  labels:
    acorn.io/app-name: app-name
    acorn.io/app-namespace: app-namespace
    acorn.io/app-public-name: app-name
    acorn.io/container-name: oneimage
    acorn.io/managed: "true"
    acorn.io/project-name: app-namespace
  name: oneimage
  namespace: app-created-namespace

---
apiVersion: apps/v1
kind: Deployment
metadata:
  creationTimestamp: null
  labels:
    acorn.io/app-name: app-name
    acorn.io/app-namespace: app-namespace
    acorn.io/app-public-name: app-name
    acorn.io/container-name: oneimage
    acorn.io/managed: "true"
    acorn.io/project-name: app-namespace
  name: oneimage
  namespace: app-created-namespace
spec:
  selector:
    matchLabels:
      acorn.io/app-name: app-name
      acorn.io/app-namespace: app-namespace
      acorn.io/container-name: oneimage
      acorn.io/managed: "true"
  strategy: {}
  template:
    metadata:
      annotations:
        acorn.io/container-spec: '{"environment":[{"name":"foo","secret":{},"value":"prefix
          @{secret.sec-1.key1} after"},{"name":"foo-not-interpolated","secret":{},"value":"prefix
          @{other.sec-1.key1} after"}],"files":{"content-test":{"content":"cHJlZml4IEB7c2VjcmV0cy5zZWMtMS5rZXkxfSBzdWZmaXggQHtzZWNyZXRzLnNlYy0xLmtleTJ9","mode":"0644","secret":{}}},"image":"image-name","metrics":{},"probes":null}'
      creationTimestamp: null
      labels:
        acorn.io/app-name: app-name
        acorn.io/app-namespace: app-namespace
        acorn.io/app-public-name: app-name
        acorn.io/container-name: oneimage
        acorn.io/managed: "true"
        acorn.io/project-name: app-namespace
    spec:
      containers:
      - env:
        - name: foo
          valueFrom:
            secretKeyRef:
              key: c53776b8f8ef0486fa82e2f0912453dd9d9dcdab4e4b2ec4a1c249a314daf7ba
              name: secrets-1234567890ab
        - name: foo-not-interpolated
          value: prefix @{other.sec-1.key1} after
        image: image-name
        name: oneimage
        resources: {}
        volumeMounts:
        - mountPath: /content-test
          name: secrets-1234567890ab
          subPath: eec12d274809b6405b79110d6bafcc22235fa23858c2ac8e59e086d27df99360
      enableServiceLinks: false
      hostname: oneimage
      imagePullSecrets:
      - name: oneimage-pull-1234567890ab
      serviceAccountName: oneimage
      terminationGracePeriodSeconds: 5
      volumes:
      - name: secrets-1234567890ab
        secret:
          secretName: secrets-1234567890ab
status: {}

---
apiVersion: policy/v1
kind: PodDisruptionBudget
metadata:
  creationTimestamp: null
  labels:
    acorn.io/app-name: app-name
    acorn.io/app-namespace: app-namespace
    acorn.io/app-public-name: app-name
    acorn.io/container-name: oneimage
    acorn.io/managed: "true"
    acorn.io/project-name: app-namespace
  name: oneimage
  namespace: app-created-namespace
spec:
  maxUnavailable: 25%
  selector:
    matchLabels:
      acorn.io/app-name: app-name
      acorn.io/app-namespace: app-namespace
      acorn.io/container-name: oneimage
      acorn.io/managed: "true"
status:
  currentHealthy: 0
  desiredHealthy: 0
  disruptionsAllowed: 0
  expectedPods: 0

---
apiVersion: v1
data:
  .dockerconfigjson: eyJhdXRocyI6eyJpbmRleC5kb2NrZXIuaW8iOnsiYXV0aCI6Ik9nPT0ifX19
kind: Secret
metadata:
  creationTimestamp: null
  labels:
    acorn.io/managed: "true"
    acorn.io/pull-secret: "true"
  name: oneimage-pull-1234567890ab
  namespace: app-created-namespace
type: kubernetes.io/dockerconfigjson

---
apiVersion: v1
data:
  c53776b8f8ef0486fa82e2f0912453dd9d9dcdab4e4b2ec4a1c249a314daf7ba: cHJlZml4IHZhbHVlMSBhZnRlcg==
  eec12d274809b6405b79110d6bafcc22235fa23858c2ac8e59e086d27df99360: cHJlZml4IHZhbHVlMSBzdWZmaXggdmFsdWUy
kind: Secret
metadata:
  creationTimestamp: null
  labels:
    acorn.io/app-name: app-name
    acorn.io/app-namespace: app-namespace
    acorn.io/managed: "true"
  name: secrets-1234567890ab
  namespace: app-created-namespace

---
apiVersion: internal.acorn.io/v1
kind: AppInstance
metadata:
  creationTimestamp: null
  name: app-name
  namespace: app-namespace
  uid: 1234567890abcdef
spec:
  image: test
status:
  appImage:
    id: test
    imageData: {}
    vcs: {}
  appSpec:
    containers:
      oneimage:
        environment:
        - name: foo
          secret: {}
          value: prefix @{secret.sec-1.key1} after
        - name: foo-not-interpolated
          secret: {}
          value: prefix @{other.sec-1.key1} after
        files:
          content-test:
            content: cHJlZml4IEB7c2VjcmV0cy5zZWMtMS5rZXkxfSBzdWZmaXggQHtzZWNyZXRzLnNlYy0xLmtleTJ9
            mode: "0644"
            secret: {}
        image: image-name
        metrics: {}
        probes: null
  appStatus: {}
  columns: {}
  conditions:
    reason: Success
    status: "True"
    success: true
    type: defined
  defaults: {}
  namespace: app-created-namespace
  staged:
    appImage:
      imageData: {}
      vcs: {}
  summary: {}
`
